\BOOKMARK [1][]{section.1}{\376\377\000I\000n\000t\000r\000o\000d\000u\000c\000t\000i\000o\000n}{}% 1
\BOOKMARK [2][]{subsection.4}{\376\377\000W\000h\000y\000\040\000C\000o\000-\000A\000u\000d\000i\000t\000i\000n\000g\000\040\000M\000a\000t\000t\000e\000r\000s}{section.1}% 2
\BOOKMARK [2][]{subsection.5}{\376\377\000C\000o\000n\000t\000r\000i\000b\000u\000t\000i\000o\000n\000s}{section.1}% 3
\BOOKMARK [1][]{section.11}{\376\377\000S\000y\000s\000t\000e\000m\000\040\000D\000e\000s\000i\000g\000n\000\040\000a\000n\000d\000\040\000T\000o\000p\000o\000l\000o\000g\000i\000c\000a\000l\000\040\000R\000e\000a\000s\000o\000n\000i\000n\000g\000\040\000M\000a\000p\000p\000i\000n\000g}{}% 4
\BOOKMARK [2][]{subsection.17}{\376\377\000F\000o\000r\000m\000a\000l\000\040\000D\000e\000f\000i\000n\000i\000t\000i\000o\000n\000\040\000o\000f\000\040\000T\000R\000M}{section.11}% 5
\BOOKMARK [3][-]{subsubsection.27}{\376\377\000T\000R\000M\000\040\000a\000s\000\040\000V\000i\000s\000u\000a\000l\000\040\000E\000n\000c\000o\000d\000i\000n\000g}{subsection.17}% 6
\BOOKMARK [3][-]{subsubsection.28}{\376\377\000Z\000e\000r\000o\000-\000G\000r\000o\000u\000n\000d\000i\000n\000g\000\040\000D\000e\000g\000e\000n\000e\000r\000a\000t\000i\000o\000n}{subsection.17}% 7
\BOOKMARK [2][]{subsection.29}{\376\377\000P\000e\000d\000a\000g\000o\000g\000i\000c\000a\000l\000\040\000I\000n\000t\000e\000r\000p\000r\000e\000t\000a\000t\000i\000o\000n}{section.11}% 8
\BOOKMARK [1][]{section.33}{\376\377\000R\000e\000l\000a\000t\000e\000d\000\040\000W\000o\000r\000k}{}% 9
\BOOKMARK [2][]{subsection.34}{\376\377\000A\000u\000t\000o\000m\000a\000t\000e\000d\000\040\000S\000h\000o\000r\000t\000-\000A\000n\000s\000w\000e\000r\000\040\000G\000r\000a\000d\000i\000n\000g}{section.33}% 10
\BOOKMARK [2][]{subsection.35}{\376\377\000E\000x\000p\000l\000a\000i\000n\000a\000b\000i\000l\000i\000t\000y\000\040\000i\000n\000\040\000N\000L\000P\000\040\000a\000n\000d\000\040\000G\000r\000a\000d\000i\000n\000g\000\040\000S\000y\000s\000t\000e\000m\000s}{section.33}% 11
\BOOKMARK [2][]{subsection.36}{\376\377\000V\000i\000s\000u\000a\000l\000\040\000A\000n\000a\000l\000y\000t\000i\000c\000s\000\040\000f\000o\000r\000\040\000S\000e\000n\000s\000e\000m\000a\000k\000i\000n\000g}{section.33}% 12
\BOOKMARK [2][]{subsection.37}{\376\377\000C\000o\000o\000r\000d\000i\000n\000a\000t\000e\000d\000\040\000M\000u\000l\000t\000i\000p\000l\000e\000\040\000V\000i\000e\000w\000s\000\040\000a\000n\000d\000\040\000B\000i\000d\000i\000r\000e\000c\000t\000i\000o\000n\000a\000l\000\040\000B\000r\000u\000s\000h\000i\000n\000g}{section.33}% 13
\BOOKMARK [2][]{subsection.38}{\376\377\000I\000n\000t\000e\000r\000a\000c\000t\000i\000v\000e\000\040\000M\000a\000c\000h\000i\000n\000e\000\040\000T\000e\000a\000c\000h\000i\000n\000g}{section.33}% 14
\BOOKMARK [2][]{subsection.39}{\376\377\000C\000o\000-\000A\000u\000d\000i\000t\000i\000n\000g\000\040\000a\000s\000\040\000E\000p\000i\000s\000t\000e\000m\000i\000c\000\040\000A\000l\000i\000g\000n\000m\000e\000n\000t}{section.33}% 15
\BOOKMARK [2][]{subsection.40}{\376\377\000K\000n\000o\000w\000l\000e\000d\000g\000e\000\040\000G\000r\000a\000p\000h\000s\000\040\000i\000n\000\040\000E\000d\000u\000c\000a\000t\000i\000o\000n}{section.33}% 16
\BOOKMARK [1][]{section.41}{\376\377\000I\000m\000p\000l\000e\000m\000e\000n\000t\000a\000t\000i\000o\000n\000\040\000a\000n\000d\000\040\000I\000n\000t\000e\000r\000a\000c\000t\000i\000o\000n\000\040\000D\000e\000s\000i\000g\000n}{}% 17
\BOOKMARK [2][]{subsection.42}{\376\377\000S\000y\000s\000t\000e\000m\000\040\000A\000r\000c\000h\000i\000t\000e\000c\000t\000u\000r\000e}{section.41}% 18
\BOOKMARK [2][]{subsection.48}{\376\377\000C\000o\000r\000e\000\040\000U\000I\000\040\000C\000o\000m\000p\000o\000n\000e\000n\000t\000s}{section.41}% 19
\BOOKMARK [3][-]{subsubsection.49}{\376\377\000C\000o\000n\000c\000e\000p\000t\000-\000C\000o\000v\000e\000r\000a\000g\000e\000\040\000H\000e\000a\000t\000m\000a\000p}{subsection.48}% 20
\BOOKMARK [3][-]{subsubsection.51}{\376\377\000S\000t\000u\000d\000e\000n\000t\000\040\000R\000a\000d\000a\000r\000\040\000C\000h\000a\000r\000t}{subsection.48}% 21
\BOOKMARK [3][-]{subsubsection.52}{\376\377\000K\000n\000o\000w\000l\000e\000d\000g\000e\000\040\000G\000r\000a\000p\000h\000\040\000S\000u\000b\000g\000r\000a\000p\000h\000\040\000P\000a\000n\000e\000l}{subsection.48}% 22
\BOOKMARK [3][-]{subsubsection.53}{\376\377\000V\000e\000r\000i\000f\000i\000e\000r\000\040\000R\000e\000a\000s\000o\000n\000i\000n\000g\000\040\000T\000r\000a\000c\000e}{subsection.48}% 23
\BOOKMARK [3][-]{subsubsection.56}{\376\377\000R\000u\000b\000r\000i\000c\000\040\000E\000d\000i\000t\000o\000r}{subsection.48}% 24
\BOOKMARK [2][]{subsection.57}{\376\377\000I\000n\000t\000e\000r\000a\000c\000t\000i\000o\000n\000\040\000M\000o\000d\000e\000l\000:\000\040\000B\000i\000d\000i\000r\000e\000c\000t\000i\000o\000n\000a\000l\000\040\000L\000i\000n\000k\000i\000n\000g}{section.41}% 25
\BOOKMARK [2][]{subsection.59}{\376\377\000S\000t\000u\000d\000y\000\040\000M\000o\000d\000e\000\040\000a\000n\000d\000\040\000C\000o\000n\000d\000i\000t\000i\000o\000n\000\040\000A\000/\000B\000\040\000S\000c\000a\000f\000f\000o\000l\000d\000i\000n\000g}{section.41}% 26
\BOOKMARK [2][]{subsection.60}{\376\377\000D\000e\000s\000i\000g\000n\000\040\000R\000a\000t\000i\000o\000n\000a\000l\000e\000:\000\040\000E\000x\000p\000o\000s\000i\000n\000g\000\040\000A\000I\000\040\000L\000i\000m\000i\000t\000s\000\040\000a\000s\000\040\000F\000i\000r\000s\000t\000-\000C\000l\000a\000s\000s\000\040\000I\000n\000f\000o\000r\000m\000a\000t\000i\000o\000n}{section.41}% 27
\BOOKMARK [1][]{section.61}{\376\377\000E\000v\000a\000l\000u\000a\000t\000i\000o\000n\000:\000\040\000M\000L\000\040\000A\000c\000c\000u\000r\000a\000c\000y}{}% 28
\BOOKMARK [2][]{subsection.62}{\376\377\000D\000a\000t\000a\000s\000e\000t\000s\000\040\000a\000n\000d\000\040\000M\000e\000t\000r\000i\000c\000s}{section.61}% 29
\BOOKMARK [2][]{subsection.63}{\376\377\000R\000e\000s\000u\000l\000t\000s\000:\000\040\000S\000i\000n\000g\000l\000e\000-\000D\000a\000t\000a\000s\000e\000t\000\040\000A\000c\000c\000u\000r\000a\000c\000y}{section.61}% 30
\BOOKMARK [2][]{subsection.66}{\376\377\000R\000e\000s\000u\000l\000t\000s\000:\000\040\000C\000r\000o\000s\000s\000-\000D\000a\000t\000a\000s\000e\000t\000\040\000G\000e\000n\000e\000r\000a\000l\000i\000z\000a\000t\000i\000o\000n}{section.61}% 31
\BOOKMARK [2][]{subsection.68}{\376\377\000C\000o\000m\000p\000o\000n\000e\000n\000t\000\040\000C\000o\000n\000t\000r\000i\000b\000u\000t\000i\000o\000n\000\040\000A\000n\000a\000l\000y\000s\000i\000s}{section.61}% 32
\BOOKMARK [2][]{subsection.70}{\376\377\000C\000o\000n\000f\000i\000d\000e\000n\000c\000e\000\040\000I\000n\000t\000e\000r\000v\000a\000l\000s}{section.61}% 33
\BOOKMARK [2][]{subsection.71}{\376\377\000D\000o\000m\000a\000i\000n\000\040\000B\000o\000u\000n\000d\000a\000r\000y\000\040\000I\000n\000t\000e\000r\000p\000r\000e\000t\000a\000t\000i\000o\000n}{section.61}% 34
\BOOKMARK [1][]{section.72}{\376\377\000E\000v\000a\000l\000u\000a\000t\000i\000o\000n\000:\000\040\000E\000d\000u\000c\000a\000t\000o\000r\000\040\000U\000s\000e\000r\000\040\000S\000t\000u\000d\000y}{}% 35
\BOOKMARK [2][]{subsection.73}{\376\377\000S\000t\000u\000d\000y\000\040\000D\000e\000s\000i\000g\000n}{section.72}% 36
\BOOKMARK [3][-]{subsubsection.74}{\376\377\000P\000a\000r\000t\000i\000c\000i\000p\000a\000n\000t\000s}{subsection.73}% 37
\BOOKMARK [3][-]{subsubsection.75}{\376\377\000C\000o\000n\000d\000i\000t\000i\000o\000n\000s}{subsection.73}% 38
\BOOKMARK [3][-]{subsubsection.77}{\376\377\000T\000a\000s\000k\000\040\000a\000n\000d\000\040\000P\000r\000o\000t\000o\000c\000o\000l}{subsection.73}% 39
\BOOKMARK [3][-]{subsubsection.78}{\376\377\000M\000e\000t\000r\000i\000c\000s}{subsection.73}% 40
\BOOKMARK [2][]{subsection.79}{\376\377\000R\000e\000s\000u\000l\000t\000s\000:\000\040\000S\000U\000S\000\040\000S\000c\000o\000r\000e\000s\000\040\000a\000n\000d\000\040\000U\000s\000a\000b\000i\000l\000i\000t\000y}{section.72}% 41
\BOOKMARK [2][]{subsection.81}{\376\377\000R\000e\000s\000u\000l\000t\000s\000:\000\040\000T\000h\000i\000n\000k\000-\000A\000l\000o\000u\000d\000\040\000Q\000u\000a\000l\000i\000t\000a\000t\000i\000v\000e\000\040\000C\000o\000d\000i\000n\000g}{section.72}% 42
\BOOKMARK [1][]{section.84}{\376\377\000D\000i\000s\000c\000u\000s\000s\000i\000o\000n}{}% 43
\BOOKMARK [2][]{subsection.85}{\376\377\000T\000o\000p\000o\000l\000o\000g\000i\000c\000a\000l\000\040\000C\000o\000n\000t\000i\000n\000u\000i\000t\000y\000\040\000a\000s\000\040\000a\000n\000\040\000E\000x\000p\000l\000a\000i\000n\000a\000b\000i\000l\000i\000t\000y\000\040\000C\000r\000i\000t\000e\000r\000i\000o\000n}{section.84}% 44
\BOOKMARK [2][]{subsection.86}{\376\377\000D\000o\000m\000a\000i\000n\000\040\000B\000o\000u\000n\000d\000a\000r\000y\000\040\000C\000o\000n\000d\000i\000t\000i\000o\000n\000s}{section.84}% 45
\BOOKMARK [2][]{subsection.87}{\376\377\000P\000a\000n\000e\000l\000-\000B\000e\000f\000o\000r\000e\000-\000T\000r\000a\000c\000e\000\040\000S\000t\000r\000a\000t\000e\000g\000y}{section.84}% 46
\BOOKMARK [2][]{subsection.88}{\376\377\000A\000u\000t\000o\000m\000a\000t\000i\000o\000n\000\040\000B\000i\000a\000s\000\040\000a\000n\000d\000\040\000O\000v\000e\000r\000-\000R\000e\000l\000i\000a\000n\000c\000e}{section.84}% 47
\BOOKMARK [2][]{subsection.89}{\376\377\000B\000o\000u\000n\000d\000a\000r\000y\000\040\000C\000o\000n\000d\000i\000t\000i\000o\000n\000s\000\040\000a\000n\000d\000\040\000F\000u\000t\000u\000r\000e\000\040\000D\000i\000r\000e\000c\000t\000i\000o\000n\000s}{section.84}% 48
\BOOKMARK [2][]{subsection.90}{\376\377\000L\000i\000m\000i\000t\000a\000t\000i\000o\000n\000s}{section.84}% 49
\BOOKMARK [1][]{section.99}{\376\377\000C\000o\000n\000c\000l\000u\000s\000i\000o\000n}{}% 50
\BOOKMARK [1][]{appendix.100}{\376\377\000A\000p\000p\000e\000n\000d\000i\000x\000:\000\040\000T\000e\000c\000h\000n\000i\000c\000a\000l\000\040\000D\000e\000t\000a\000i\000l\000s\000\040\000a\000n\000d\000\040\000S\000u\000p\000p\000l\000e\000m\000e\000n\000t\000a\000r\000y\000\040\000A\000n\000a\000l\000y\000s\000i\000s}{}% 51
\BOOKMARK [2][]{subsection.101}{\376\377\000A\000.\0001\000:\000\040\000V\000e\000r\000i\000f\000i\000e\000r\000\040\000I\000m\000p\000l\000e\000m\000e\000n\000t\000a\000t\000i\000o\000n\000\040\000D\000e\000t\000a\000i\000l\000s\000\040\000\050\000H\000o\000n\000e\000s\000t\000\040\000D\000i\000s\000c\000l\000o\000s\000u\000r\000e\000\051}{appendix.100}% 52
\BOOKMARK [3][-]{subsubsection.102}{\376\377\000V\000e\000r\000i\000f\000i\000e\000r\000\040\000i\000s\000\040\000a\000\040\000p\000r\000o\000m\000p\000t\000e\000d\000\040\000L\000R\000M\000,\000\040\000n\000o\000t\000\040\000a\000\040\000f\000i\000n\000e\000-\000t\000u\000n\000e\000d\000\040\000m\000o\000d\000e\000l\000.}{subsection.101}% 53
\BOOKMARK [3][-]{subsubsection.103}{\376\377\000C\000r\000o\000s\000s\000-\000M\000o\000d\000e\000l\000\040\000V\000a\000l\000i\000d\000a\000t\000i\000o\000n}{subsection.101}% 54
\BOOKMARK [2][]{subsection.104}{\376\377\000A\000.\0002\000:\000\040\000K\000n\000o\000w\000l\000e\000d\000g\000e\000\040\000G\000r\000a\000p\000h\000\040\000C\000o\000v\000e\000r\000a\000g\000e\000\040\000a\000n\000d\000\040\000Q\000u\000a\000l\000i\000t\000y\000\040\000M\000e\000t\000r\000i\000c\000s}{appendix.100}% 55
\BOOKMARK [3][-]{subsubsection.105}{\376\377\000K\000G\000\040\000C\000o\000n\000s\000t\000r\000u\000c\000t\000i\000o\000n}{subsection.104}% 56
\BOOKMARK [3][-]{subsubsection.106}{\376\377\000C\000o\000n\000c\000e\000p\000t\000\040\000C\000o\000v\000e\000r\000a\000g\000e\000:\000\040\000K\000G\000\040\000v\000s\000.\000\040\000S\000t\000u\000d\000e\000n\000t\000\040\000A\000n\000s\000w\000e\000r\000s}{subsection.104}% 57
\BOOKMARK [2][]{subsection.108}{\376\377\000A\000.\0003\000:\000\040\000G\000r\000o\000u\000n\000d\000e\000d\000\040\000v\000s\000.\000\040\000Z\000e\000r\000o\000-\000G\000r\000o\000u\000n\000d\000i\000n\000g\000\040\000A\000n\000a\000l\000y\000s\000i\000s}{appendix.100}% 58
\BOOKMARK [3][-]{subsubsection.109}{\376\377\000Z\000e\000r\000o\000-\000G\000r\000o\000u\000n\000d\000i\000n\000g\000\040\000F\000r\000e\000q\000u\000e\000n\000c\000y\000\040\000b\000y\000\040\000D\000a\000t\000a\000s\000e\000t\000\040\000a\000n\000d\000\040\000M\000o\000d\000e\000l}{subsection.108}% 59
\BOOKMARK [3][-]{subsubsection.111}{\376\377\000A\000c\000c\000u\000r\000a\000c\000y\000\040\000S\000t\000r\000a\000t\000i\000f\000i\000e\000d\000\040\000b\000y\000\040\000G\000r\000o\000u\000n\000d\000i\000n\000g\000\040\000D\000e\000n\000s\000i\000t\000y}{subsection.108}% 60
\BOOKMARK [2][]{subsection.113}{\376\377\000A\000.\0004\000:\000\040\000S\000t\000u\000d\000y\000\040\000M\000e\000t\000a\000d\000a\000t\000a\000\040\000\050\000M\000o\000c\000k\000\040\000D\000a\000t\000a\000\040\000f\000o\000r\000\040\000P\000e\000e\000r\000\040\000R\000e\000v\000i\000e\000w\000\051}{appendix.100}% 61
\BOOKMARK [3][-]{subsubsection.114}{\376\377\000U\000s\000e\000r\000\040\000S\000t\000u\000d\000y\000\040\000S\000a\000m\000p\000l\000e\000\040\000C\000h\000a\000r\000a\000c\000t\000e\000r\000i\000s\000t\000i\000c\000s}{subsection.113}% 62
\BOOKMARK [3][-]{subsubsection.116}{\376\377\000S\000U\000S\000\040\000S\000c\000o\000r\000e\000s\000\040\000\050\000M\000o\000c\000k\000\040\000D\000a\000t\000a\000\051}{subsection.113}% 63
\BOOKMARK [3][-]{subsubsection.117}{\376\377\000Q\000u\000a\000l\000i\000t\000a\000t\000i\000v\000e\000\040\000C\000o\000d\000i\000n\000g\000\040\000S\000c\000h\000e\000m\000e\000\040\000\050\000M\000o\000c\000k\000\040\000D\000a\000t\000a\000\051}{subsection.113}% 64
